[2026-03-22T11:01:20+00:00] bootstrap_admin_ui: DB connection failed: SQLSTATE[HY000] [2002] php_network_getaddresses: getaddrinfo for sv61.ifastnet10.org failed: No address associated with hostname
[2026-03-22T11:01:20+00:00] bootstrap_admin_ui: Failed PDO from /home/runner/work/qooqz/qooqz/api/shared/config/db.php: SQLSTATE[HY000] [2002] php_network_getaddresses: getaddrinfo for sv61.ifastnet10.org failed: No address associated with hostname
